============================= test session starts =============================
platform win32 -- Python 3.14.6, pytest-9.0.3, pluggy-1.6.0 -- C:\Python314\python.exe
cachedir: .pytest_cache
rootdir: C:\Users\expre\OneDrive\Desktop\project\TerraIQ
plugins: anyio-4.13.0, langsmith-0.8.5, asyncio-1.4.0
asyncio: mode=Mode.STRICT, debug=False, asyncio_default_fixture_loop_scope=None, asyncio_default_test_loop_scope=function
collecting ... collected 0 items

============================ no tests ran in 0.03s ============================
ERROR: file or directory not found: test_agents.py

